

==================================================================================
=== CALIBRE::DRC-H SUMMARY REPORT
===
Execution Date/Time:       Fri Feb 15 18:05:30 2019
Calibre Version:           v2016.1_14.11    Fri Feb 5 16:29:44 PST 2016
Rule File Pathname:        /home/smdp/Desktop/sumit_cadence/_DRC.header_
Rule File Title:           
Layout System:             GDS
Layout Path(s):            inv.calibre.db
Layout Primary Cell:       inv
Current Directory:         /home/smdp/Desktop/sumit_cadence
User Name:                 smdp
Maximum Results/RuleCheck: 1000
Maximum Result Vertices:   4096
DRC Results Database:      inv.drc.results (ASCII)
Layout Depth:              ALL
Text Depth:                PRIMARY
Summary Report File:       inv.drc.summary (REPLACE)
Geometry Flagging:         ACUTE = NO  SKEW = NO  ANGLED = NO  OFFGRID = NO
                           NONSIMPLE POLYGON = NO  NONSIMPLE PATH = NO
Excluded Cells:           
CheckText Mapping:         COMMENT TEXT + RULE FILE INFORMATION
Layers:                    MEMORY-BASED
Keep Empty Checks:         NO
----------------------------------------------------------------------------------
--- RUNTIME WARNINGS
---
----------------------------------------------------------------------------------
--- ORIGINAL LAYER STATISTICS
---
LAYER DEV_ext ........ TOTAL Original Geometry Count = 0 (0)
LAYER MTOPslitsi ..... TOTAL Original Geometry Count = 0 (0)
LAYER MTOPi .......... TOTAL Original Geometry Count = 0 (0)
LAYER VTOPi .......... TOTAL Original Geometry Count = 0 (0)
LAYER M3slitsi ....... TOTAL Original Geometry Count = 0 (0)
LAYER M3i ............ TOTAL Original Geometry Count = 0 (0)
LAYER NODUMMYi ....... TOTAL Original Geometry Count = 0 (0)
LAYER NO_DUMMY_ipi ... TOTAL Original Geometry Count = 0 (0)
LAYER AA_nodummyi .... TOTAL Original Geometry Count = 0 (0)
LAYER GC_nodummyi .... TOTAL Original Geometry Count = 0 (0)
LAYER M1_nodummyi .... TOTAL Original Geometry Count = 0 (0)
LAYER M2_nodummyi .... TOTAL Original Geometry Count = 0 (0)
LAYER M3_nodummyi .... TOTAL Original Geometry Count = 0 (0)
LAYER MT_nodummyi .... TOTAL Original Geometry Count = 0 (0)
LAYER CNHi ........... TOTAL Original Geometry Count = 0 (0)
LAYER CPHi ........... TOTAL Original Geometry Count = 0 (0)
LAYER DEV_lli ........ TOTAL Original Geometry Count = 0 (0)
LAYER MTDi ........... TOTAL Original Geometry Count = 0 (0)
LAYER M3Di ........... TOTAL Original Geometry Count = 0 (0)
LAYER M2Di ........... TOTAL Original Geometry Count = 0 (0)
LAYER M1Di ........... TOTAL Original Geometry Count = 0 (0)
LAYER MTi ............ TOTAL Original Geometry Count = 0 (0)
LAYER M2i ............ TOTAL Original Geometry Count = 0 (0)
LAYER M1i ............ TOTAL Original Geometry Count = 7 (16)
LAYER WNi ............ TOTAL Original Geometry Count = 1 (1)
LAYER GCi ............ TOTAL Original Geometry Count = 7 (16)
LAYER XNi ............ TOTAL Original Geometry Count = 1 (1)
LAYER AAi ............ TOTAL Original Geometry Count = 2 (2)
LAYER XPi ............ TOTAL Original Geometry Count = 1 (1)
LAYER WBi ............ TOTAL Original Geometry Count = 0 (0)
LAYER MT_msi ......... TOTAL Original Geometry Count = 0 (0)
LAYER WN_drci ........ TOTAL Original Geometry Count = 0 (0)
LAYER DEV_resi ....... TOTAL Original Geometry Count = 0 (0)
LAYER CEi ............ TOTAL Original Geometry Count = 0 (0)
LAYER DEV_dioi ....... TOTAL Original Geometry Count = 0 (0)
LAYER NSi ............ TOTAL Original Geometry Count = 0 (0)
LAYER AADi ........... TOTAL Original Geometry Count = 0 (0)
LAYER GCDi ........... TOTAL Original Geometry Count = 0 (0)
LAYER CSi ............ TOTAL Original Geometry Count = 7 (16)
LAYER AREA2i ......... TOTAL Original Geometry Count = 0 (0)
LAYER DEV_bjti ....... TOTAL Original Geometry Count = 0 (0)
LAYER DEV_cvsi ....... TOTAL Original Geometry Count = 0 (0)
LAYER DEV_esdi ....... TOTAL Original Geometry Count = 0 (0)
LAYER DEV_padi ....... TOTAL Original Geometry Count = 0 (0)
LAYER DEV_peri ....... TOTAL Original Geometry Count = 0 (0)
LAYER DEV_seali ...... TOTAL Original Geometry Count = 0 (0)
LAYER ESD50VTi ....... TOTAL Original Geometry Count = 0 (0)
LAYER ESD50VT_KTi .... TOTAL Original Geometry Count = 0 (0)
LAYER ESDDi .......... TOTAL Original Geometry Count = 0 (0)
LAYER MRi ............ TOTAL Original Geometry Count = 0 (0)
LAYER VNNi ........... TOTAL Original Geometry Count = 0 (0)
LAYER PAD_drci ....... TOTAL Original Geometry Count = 0 (0)
LAYER PADdummyi ...... TOTAL Original Geometry Count = 0 (0)
LAYER V3i ............ TOTAL Original Geometry Count = 0 (0)
LAYER V2i ............ TOTAL Original Geometry Count = 0 (0)
LAYER M2slitsi ....... TOTAL Original Geometry Count = 0 (0)
LAYER M1slitsi ....... TOTAL Original Geometry Count = 0 (0)
LAYER WNopc .......... TOTAL Original Geometry Count = 0 (0)
LAYER GCopc .......... TOTAL Original Geometry Count = 0 (0)
LAYER M1opc .......... TOTAL Original Geometry Count = 0 (0)
LAYER M2opc .......... TOTAL Original Geometry Count = 0 (0)
LAYER M3opc .......... TOTAL Original Geometry Count = 0 (0)
LAYER MTOPopc ........ TOTAL Original Geometry Count = 0 (0)
LAYER Sai ............ TOTAL Original Geometry Count = 0 (0)
LAYER DEV_abitcell ... TOTAL Original Geometry Count = 0 (0)
LAYER PADin .......... TOTAL Original Geometry Count = 0 (0)
LAYER ESDsrc ......... TOTAL Original Geometry Count = 0 (0)
LAYER DEV_cap ........ TOTAL Original Geometry Count = 0 (0)
LAYER DEV_t3 ......... TOTAL Original Geometry Count = 0 (0)
LAYER BAD_logic ...... TOTAL Original Geometry Count = 0 (0)
LAYER BAD_mark ....... TOTAL Original Geometry Count = 0 (0)
LAYER BAD_dev_area ... TOTAL Original Geometry Count = 0 (0)
LAYER BAD_P5 ......... TOTAL Original Geometry Count = 0 (0)
----------------------------------------------------------------------------------
--- RULECHECK RESULTS STATISTICS
---
RULECHECK offgrid_check ... TOTAL Result Count = 0  (0)
RULECHECK AAD3A ........... TOTAL Result Count = 0  (0)
RULECHECK AAD3D ........... TOTAL Result Count = 0  (0)
RULECHECK AADS1 ........... TOTAL Result Count = 0  (0)
RULECHECK AADS2 ........... TOTAL Result Count = 0  (0)
RULECHECK AADS3 ........... TOTAL Result Count = 0  (0)
RULECHECK AADS4 ........... TOTAL Result Count = 0  (0)
RULECHECK AADE1 ........... TOTAL Result Count = 0  (0)
RULECHECK AADX1 ........... TOTAL Result Count = 0  (0)
RULECHECK AADS6 ........... TOTAL Result Count = 0  (0)
RULECHECK AADO2 ........... TOTAL Result Count = 0  (0)
RULECHECK AADO3 ........... TOTAL Result Count = 0  (0)
RULECHECK GCD2 ............ TOTAL Result Count = 0  (0)
RULECHECK GCDS1 ........... TOTAL Result Count = 0  (0)
RULECHECK GCDS2 ........... TOTAL Result Count = 0  (0)
RULECHECK GCDS3 ........... TOTAL Result Count = 0  (0)
RULECHECK GCDS4 ........... TOTAL Result Count = 0  (0)
RULECHECK GCDS5 ........... TOTAL Result Count = 0  (0)
RULECHECK GCDS6 ........... TOTAL Result Count = 0  (0)
RULECHECK GCDO2 ........... TOTAL Result Count = 0  (0)
RULECHECK GCDO3 ........... TOTAL Result Count = 0  (0)
RULECHECK GCDO4 ........... TOTAL Result Count = 0  (0)
RULECHECK GCDO5 ........... TOTAL Result Count = 0  (0)
RULECHECK GCDO7 ........... TOTAL Result Count = 0  (0)
RULECHECK GCDW1 ........... TOTAL Result Count = 0  (0)
RULECHECK MDS1 ............ TOTAL Result Count = 0  (0)
RULECHECK MDS2 ............ TOTAL Result Count = 0  (0)
RULECHECK MD01 ............ TOTAL Result Count = 0  (0)
RULECHECK MD02 ............ TOTAL Result Count = 0  (0)
RULECHECK MD03 ............ TOTAL Result Count = 0  (0)
RULECHECK MD04 ............ TOTAL Result Count = 0  (0)
RULECHECK MD05 ............ TOTAL Result Count = 0  (0)
RULECHECK MD07 ............ TOTAL Result Count = 0  (0)
RULECHECK MTDS1 ........... TOTAL Result Count = 0  (0)
RULECHECK MTDS2 ........... TOTAL Result Count = 0  (0)
RULECHECK MTDS3 ........... TOTAL Result Count = 0  (0)
RULECHECK 1B .............. TOTAL Result Count = 0  (0)
RULECHECK 1B1 ............. TOTAL Result Count = 0  (0)
RULECHECK 1A .............. TOTAL Result Count = 0  (0)
RULECHECK 1A1 ............. TOTAL Result Count = 0  (0)
RULECHECK 1C .............. TOTAL Result Count = 0  (0)
RULECHECK 1D .............. TOTAL Result Count = 0  (0)
RULECHECK 1E .............. TOTAL Result Count = 0  (0)
RULECHECK 1F .............. TOTAL Result Count = 0  (0)
RULECHECK WB.W.1 .......... TOTAL Result Count = 0  (0)
RULECHECK WB.S.1 .......... TOTAL Result Count = 0  (0)
RULECHECK WB.E.1 .......... TOTAL Result Count = 0  (0)
RULECHECK WB.O.1 .......... TOTAL Result Count = 0  (0)
RULECHECK WB.D.1 .......... TOTAL Result Count = 0  (0)
RULECHECK WB.D.2 .......... TOTAL Result Count = 0  (0)
RULECHECK WB.D.3 .......... TOTAL Result Count = 0  (0)
RULECHECK WB.D.4 .......... TOTAL Result Count = 0  (0)
RULECHECK WB.N.1 .......... TOTAL Result Count = 0  (0)
RULECHECK WB.N.9 .......... TOTAL Result Count = 0  (0)
RULECHECK WB.N.11 ......... TOTAL Result Count = 0  (0)
RULECHECK WB.N.12 ......... TOTAL Result Count = 0  (0)
RULECHECK 3A.0 ............ TOTAL Result Count = 0  (0)
RULECHECK 3A.1 ............ TOTAL Result Count = 0  (0)
RULECHECK 3A .............. TOTAL Result Count = 0  (0)
RULECHECK 3B .............. TOTAL Result Count = 0  (0)
RULECHECK 3D .............. TOTAL Result Count = 0  (0)
RULECHECK 3Y .............. TOTAL Result Count = 0  (0)
RULECHECK 3U .............. TOTAL Result Count = 0  (0)
RULECHECK 3Z .............. TOTAL Result Count = 0  (0)
RULECHECK 6A1 ............. TOTAL Result Count = 0  (0)
RULECHECK 6B1 ............. TOTAL Result Count = 3  (3)
RULECHECK 6C .............. TOTAL Result Count = 10 (10)
RULECHECK 6D .............. TOTAL Result Count = 0  (0)
RULECHECK 6E .............. TOTAL Result Count = 0  (0)
RULECHECK 6F .............. TOTAL Result Count = 0  (0)
RULECHECK 6B0A1 ........... TOTAL Result Count = 0  (0)
RULECHECK 6A2 ............. TOTAL Result Count = 0  (0)
RULECHECK 6Z .............. TOTAL Result Count = 4  (4)
RULECHECK 6X .............. TOTAL Result Count = 0  (0)
RULECHECK 6Y .............. TOTAL Result Count = 0  (0)
RULECHECK 6A0PH ........... TOTAL Result Count = 0  (0)
RULECHECK 6A0NH ........... TOTAL Result Count = 0  (0)
RULECHECK GC.N.4 .......... TOTAL Result Count = 0  (0)
RULECHECK XN.A ............ TOTAL Result Count = 0  (0)
RULECHECK XN.B ............ TOTAL Result Count = 0  (0)
RULECHECK XN.C ............ TOTAL Result Count = 0  (0)
RULECHECK XN.L ............ TOTAL Result Count = 0  (0)
RULECHECK XN.D ............ TOTAL Result Count = 0  (0)
RULECHECK XN.E ............ TOTAL Result Count = 0  (0)
RULECHECK XN.F ............ TOTAL Result Count = 0  (0)
RULECHECK XN.G ............ TOTAL Result Count = 0  (0)
RULECHECK XN.H ............ TOTAL Result Count = 0  (0)
RULECHECK XN.K ............ TOTAL Result Count = 0  (0)
RULECHECK XN.P ............ TOTAL Result Count = 0  (0)
RULECHECK XN.Q ............ TOTAL Result Count = 0  (0)
RULECHECK XN.Q1 ........... TOTAL Result Count = 0  (0)
RULECHECK XN.R ............ TOTAL Result Count = 0  (0)
RULECHECK 7A .............. TOTAL Result Count = 0  (0)
RULECHECK 7B .............. TOTAL Result Count = 0  (0)
RULECHECK 7C .............. TOTAL Result Count = 0  (0)
RULECHECK 7L .............. TOTAL Result Count = 0  (0)
RULECHECK 7D .............. TOTAL Result Count = 0  (0)
RULECHECK 7E .............. TOTAL Result Count = 0  (0)
RULECHECK 7F .............. TOTAL Result Count = 0  (0)
RULECHECK 7G .............. TOTAL Result Count = 0  (0)
RULECHECK 7H .............. TOTAL Result Count = 0  (0)
RULECHECK 7K .............. TOTAL Result Count = 0  (0)
RULECHECK 7P .............. TOTAL Result Count = 0  (0)
RULECHECK 7Q .............. TOTAL Result Count = 0  (0)
RULECHECK 7Q1 ............. TOTAL Result Count = 0  (0)
RULECHECK 7T .............. TOTAL Result Count = 0  (0)
RULECHECK VNN.W.1 ......... TOTAL Result Count = 0  (0)
RULECHECK VNN.S.1 ......... TOTAL Result Count = 0  (0)
RULECHECK VNN.W.2 ......... TOTAL Result Count = 0  (0)
RULECHECK VNN.W.3 ......... TOTAL Result Count = 0  (0)
RULECHECK VNN.E.1 ......... TOTAL Result Count = 0  (0)
RULECHECK VNN.D.1 ......... TOTAL Result Count = 0  (0)
RULECHECK VNN.D.2 ......... TOTAL Result Count = 0  (0)
RULECHECK VNN.X.1 ......... TOTAL Result Count = 0  (0)
RULECHECK VNN.N.1 ......... TOTAL Result Count = 0  (0)
RULECHECK VNN.N.2 ......... TOTAL Result Count = 0  (0)
RULECHECK VNN.N.3 ......... TOTAL Result Count = 0  (0)
RULECHECK NS1 ............. TOTAL Result Count = 0  (0)
RULECHECK NS2 ............. TOTAL Result Count = 0  (0)
RULECHECK NS2MDP .......... TOTAL Result Count = 0  (0)
RULECHECK NS3 ............. TOTAL Result Count = 0  (0)
RULECHECK NS4 ............. TOTAL Result Count = 0  (0)
RULECHECK NS5 ............. TOTAL Result Count = 0  (0)
RULECHECK NS7 ............. TOTAL Result Count = 0  (0)
RULECHECK NS8 ............. TOTAL Result Count = 0  (0)
RULECHECK NS9 ............. TOTAL Result Count = 0  (0)
RULECHECK NS10 ............ TOTAL Result Count = 0  (0)
RULECHECK NS10H ........... TOTAL Result Count = 0  (0)
RULECHECK NS11 ............ TOTAL Result Count = 0  (0)
RULECHECK NS12N ........... TOTAL Result Count = 0  (0)
RULECHECK NS12P ........... TOTAL Result Count = 0  (0)
RULECHECK 8A .............. TOTAL Result Count = 0  (0)
RULECHECK 8B .............. TOTAL Result Count = 0  (0)
RULECHECK 8B1 ............. TOTAL Result Count = 0  (0)
RULECHECK 8C .............. TOTAL Result Count = 0  (0)
RULECHECK 8D .............. TOTAL Result Count = 0  (0)
RULECHECK 8E2 ............. TOTAL Result Count = 0  (0)
RULECHECK 8F .............. TOTAL Result Count = 0  (0)
RULECHECK 8S .............. TOTAL Result Count = 0  (0)
RULECHECK 8U .............. TOTAL Result Count = 0  (0)
RULECHECK 8W .............. TOTAL Result Count = 0  (0)
RULECHECK 8Z .............. TOTAL Result Count = 0  (0)
RULECHECK 8X .............. TOTAL Result Count = 0  (0)
RULECHECK 8Y .............. TOTAL Result Count = 6  (6)
RULECHECK 9A .............. TOTAL Result Count = 0  (0)
RULECHECK 9B .............. TOTAL Result Count = 0  (0)
RULECHECK 9B1 ............. TOTAL Result Count = 0  (0)
RULECHECK 9C1 ............. TOTAL Result Count = 0  (0)
RULECHECK 9C3 ............. TOTAL Result Count = 0  (0)
RULECHECK 9C4 ............. TOTAL Result Count = 0  (0)
RULECHECK 9D .............. TOTAL Result Count = 4  (4)
RULECHECK 10A ............. TOTAL Result Count = 0  (0)
RULECHECK 10B ............. TOTAL Result Count = 0  (0)
RULECHECK 10C1 ............ TOTAL Result Count = 0  (0)
RULECHECK 10C3 ............ TOTAL Result Count = 0  (0)
RULECHECK 10C4 ............ TOTAL Result Count = 0  (0)
RULECHECK 11A ............. TOTAL Result Count = 0  (0)
RULECHECK 11B ............. TOTAL Result Count = 0  (0)
RULECHECK 11B1 ............ TOTAL Result Count = 0  (0)
RULECHECK 11C1 ............ TOTAL Result Count = 0  (0)
RULECHECK 11C3 ............ TOTAL Result Count = 0  (0)
RULECHECK 11C4 ............ TOTAL Result Count = 0  (0)
RULECHECK 11D ............. TOTAL Result Count = 0  (0)
RULECHECK 12A ............. TOTAL Result Count = 0  (0)
RULECHECK 12B ............. TOTAL Result Count = 0  (0)
RULECHECK 12C1 ............ TOTAL Result Count = 0  (0)
RULECHECK 12C3 ............ TOTAL Result Count = 0  (0)
RULECHECK 12C4 ............ TOTAL Result Count = 0  (0)
RULECHECK 13A ............. TOTAL Result Count = 0  (0)
RULECHECK 13B ............. TOTAL Result Count = 0  (0)
RULECHECK 13B1 ............ TOTAL Result Count = 0  (0)
RULECHECK 13C1 ............ TOTAL Result Count = 0  (0)
RULECHECK 13C3 ............ TOTAL Result Count = 0  (0)
RULECHECK 13C4 ............ TOTAL Result Count = 0  (0)
RULECHECK 13D ............. TOTAL Result Count = 0  (0)
RULECHECK 18A ............. TOTAL Result Count = 0  (0)
RULECHECK 18B ............. TOTAL Result Count = 0  (0)
RULECHECK 18C1 ............ TOTAL Result Count = 0  (0)
RULECHECK 18C3 ............ TOTAL Result Count = 0  (0)
RULECHECK 18C4 ............ TOTAL Result Count = 0  (0)
RULECHECK 19A ............. TOTAL Result Count = 0  (0)
RULECHECK 19B ............. TOTAL Result Count = 0  (0)
RULECHECK 19B1 ............ TOTAL Result Count = 0  (0)
RULECHECK 19C1 ............ TOTAL Result Count = 0  (0)
RULECHECK 19D ............. TOTAL Result Count = 0  (0)
RULECHECK PD.C.01 ......... TOTAL Result Count = 0  (0)
RULECHECK PD.C.02 ......... TOTAL Result Count = 0  (0)
RULECHECK PD.C.032 ........ TOTAL Result Count = 0  (0)
RULECHECK PD.C.06.V2 ...... TOTAL Result Count = 0  (0)
RULECHECK PD.C.06.V3 ...... TOTAL Result Count = 0  (0)
RULECHECK PD.C.06A.VTOP ... TOTAL Result Count = 0  (0)
RULECHECK PD.C.07 ......... TOTAL Result Count = 0  (0)
RULECHECK PD.C.07A ........ TOTAL Result Count = 0  (0)
RULECHECK PD.C.08 ......... TOTAL Result Count = 0  (0)
RULECHECK PD.M.011 ........ TOTAL Result Count = 0  (0)
RULECHECK PD.M.02 ......... TOTAL Result Count = 0  (0)
RULECHECK PD.M.03 ......... TOTAL Result Count = 0  (0)
RULECHECK PD.I.01 ......... TOTAL Result Count = 0  (0)
RULECHECK PD.I.03 ......... TOTAL Result Count = 0  (0)
RULECHECK PD.I.06 ......... TOTAL Result Count = 0  (0)
RULECHECK PD.II.03 ........ TOTAL Result Count = 0  (0)
RULECHECK PD.II.07 ........ TOTAL Result Count = 0  (0)
RULECHECK PD.D.01 ......... TOTAL Result Count = 0  (0)
RULECHECK PD.D.011 ........ TOTAL Result Count = 0  (0)
RULECHECK PD.D.02 ......... TOTAL Result Count = 0  (0)
RULECHECK PD.D.03 ......... TOTAL Result Count = 0  (0)
RULECHECK PD.D.032 ........ TOTAL Result Count = 0  (0)
RULECHECK PD.D.04 ......... TOTAL Result Count = 0  (0)
RULECHECK PD.D.04A ........ TOTAL Result Count = 0  (0)
RULECHECK PD.D.07 ......... TOTAL Result Count = 0  (0)
RULECHECK PD.D.08 ......... TOTAL Result Count = 0  (0)
RULECHECK PD.D.09 ......... TOTAL Result Count = 0  (0)
RULECHECK PD.D.10 ......... TOTAL Result Count = 0  (0)
RULECHECK PD.D.11 ......... TOTAL Result Count = 0  (0)
RULECHECK PD.D.12 ......... TOTAL Result Count = 0  (0)
RULECHECK ESD.A01 ......... TOTAL Result Count = 0  (0)
RULECHECK ESD.A02 ......... TOTAL Result Count = 0  (0)
RULECHECK ESD.A1 .......... TOTAL Result Count = 0  (0)
RULECHECK ESD.A2 .......... TOTAL Result Count = 0  (0)
RULECHECK ESD.C3 .......... TOTAL Result Count = 0  (0)
RULECHECK ESD.C4 .......... TOTAL Result Count = 0  (0)
RULECHECK ESD.F1 .......... TOTAL Result Count = 0  (0)
RULECHECK ESD.F3 .......... TOTAL Result Count = 0  (0)
RULECHECK ESD.F4 .......... TOTAL Result Count = 0  (0)
RULECHECK ESD.F5 .......... TOTAL Result Count = 0  (0)
RULECHECK ESD.F6 .......... TOTAL Result Count = 0  (0)
RULECHECK ESD.S.2 ......... TOTAL Result Count = 0  (0)
RULECHECK ESD.O.1 ......... TOTAL Result Count = 0  (0)
RULECHECK ESD.G ........... TOTAL Result Count = 0  (0)
RULECHECK ESD.V ........... TOTAL Result Count = 0  (0)
RULECHECK ESD.N ........... TOTAL Result Count = 0  (0)
RULECHECK ESD.Y1 .......... TOTAL Result Count = 0  (0)
RULECHECK ESD.X1 .......... TOTAL Result Count = 0  (0)
RULECHECK ESD.X2 .......... TOTAL Result Count = 0  (0)
RULECHECK ESD.H1 .......... TOTAL Result Count = 0  (0)
RULECHECK ESD.H3 .......... TOTAL Result Count = 0  (0)
RULECHECK ESD.W1 .......... TOTAL Result Count = 0  (0)
RULECHECK ESD.W2 .......... TOTAL Result Count = 0  (0)
RULECHECK ESD.W3 .......... TOTAL Result Count = 0  (0)
RULECHECK ESDD.W.1 ........ TOTAL Result Count = 0  (0)
RULECHECK ESDD.S.1 ........ TOTAL Result Count = 0  (0)
RULECHECK ESDD.D.1 ........ TOTAL Result Count = 0  (0)
RULECHECK ESDD.D.2 ........ TOTAL Result Count = 0  (0)
RULECHECK ESDD.D.3 ........ TOTAL Result Count = 0  (0)
RULECHECK ESDD.N.1 ........ TOTAL Result Count = 0  (0)
RULECHECK ESDB.N.1 ........ TOTAL Result Count = 0  (0)
RULECHECK ESDB.N.2 ........ TOTAL Result Count = 0  (0)
RULECHECK ESDB.N.3 ........ TOTAL Result Count = 0  (0)
RULECHECK ESD.C5 .......... TOTAL Result Count = 0  (0)
RULECHECK LU0 ............. TOTAL Result Count = 4  (4)
RULECHECK LU26.WB ......... TOTAL Result Count = 0  (0)
RULECHECK LU3.p1 .......... TOTAL Result Count = 0  (0)
RULECHECK LU3.n1 .......... TOTAL Result Count = 0  (0)
RULECHECK LU9 ............. TOTAL Result Count = 0  (0)
RULECHECK LU10 ............ TOTAL Result Count = 0  (0)
RULECHECK LU14.WB ......... TOTAL Result Count = 0  (0)
RULECHECK MR.01 ........... TOTAL Result Count = 0  (0)
RULECHECK MR.02 ........... TOTAL Result Count = 0  (0)
RULECHECK MR.04 ........... TOTAL Result Count = 0  (0)
RULECHECK MR.05 ........... TOTAL Result Count = 0  (0)
RULECHECK MR.06 ........... TOTAL Result Count = 0  (0)
RULECHECK MR.07 ........... TOTAL Result Count = 0  (0)
RULECHECK MR.09 ........... TOTAL Result Count = 0  (0)
RULECHECK MR.10 ........... TOTAL Result Count = 0  (0)
RULECHECK MR.11 ........... TOTAL Result Count = 0  (0)
RULECHECK MR.13 ........... TOTAL Result Count = 0  (0)
RULECHECK MR.14 ........... TOTAL Result Count = 0  (0)
RULECHECK MR.15 ........... TOTAL Result Count = 0  (0)
RULECHECK MR.16 ........... TOTAL Result Count = 0  (0)
RULECHECK MR.18 ........... TOTAL Result Count = 0  (0)
RULECHECK MR.24 ........... TOTAL Result Count = 0  (0)
RULECHECK MR.26 ........... TOTAL Result Count = 0  (0)
RULECHECK MR.27 ........... TOTAL Result Count = 0  (0)
RULECHECK NPR.18 .......... TOTAL Result Count = 0  (0)
RULECHECK NPR.26 .......... TOTAL Result Count = 0  (0)
RULECHECK PPR.18 .......... TOTAL Result Count = 0  (0)
RULECHECK PPR.26 .......... TOTAL Result Count = 0  (0)
RULECHECK NAR06 ........... TOTAL Result Count = 0  (0)
RULECHECK PAR06 ........... TOTAL Result Count = 0  (0)
RULECHECK NWR.02 .......... TOTAL Result Count = 0  (0)
RULECHECK NWR.03 .......... TOTAL Result Count = 0  (0)
RULECHECK NWR.04 .......... TOTAL Result Count = 0  (0)
RULECHECK NWR.05 .......... TOTAL Result Count = 0  (0)
RULECHECK NWR.06 .......... TOTAL Result Count = 0  (0)
RULECHECK NWR.07 .......... TOTAL Result Count = 0  (0)
RULECHECK NWR.20 .......... TOTAL Result Count = 0  (0)
RULECHECK NWR.21 .......... TOTAL Result Count = 0  (0)
RULECHECK NWR.22 .......... TOTAL Result Count = 0  (0)
RULECHECK NWR.26 .......... TOTAL Result Count = 0  (0)
RULECHECK NWR.27 .......... TOTAL Result Count = 0  (0)
RULECHECK MIM.01 .......... TOTAL Result Count = 0  (0)
RULECHECK MIM.02 .......... TOTAL Result Count = 0  (0)
RULECHECK MIM.04 .......... TOTAL Result Count = 0  (0)
RULECHECK MIM.05 .......... TOTAL Result Count = 0  (0)
RULECHECK MIM.06 .......... TOTAL Result Count = 0  (0)
RULECHECK MIM.07 .......... TOTAL Result Count = 0  (0)
RULECHECK MIM.10 .......... TOTAL Result Count = 0  (0)
RULECHECK MIM.11 .......... TOTAL Result Count = 0  (0)
RULECHECK MIM.12 .......... TOTAL Result Count = 0  (0)
RULECHECK MIM.13 .......... TOTAL Result Count = 0  (0)
RULECHECK MIM.17 .......... TOTAL Result Count = 0  (0)
RULECHECK MIM.18 .......... TOTAL Result Count = 0  (0)
RULECHECK MIM.22 .......... TOTAL Result Count = 0  (0)
RULECHECK MIM.23 .......... TOTAL Result Count = 0  (0)
RULECHECK MIM.25 .......... TOTAL Result Count = 0  (0)
RULECHECK MIM.27 .......... TOTAL Result Count = 0  (0)
RULECHECK MIM.28 .......... TOTAL Result Count = 0  (0)
RULECHECK MIM.35 .......... TOTAL Result Count = 0  (0)
RULECHECK AC.N.5 .......... TOTAL Result Count = 0  (0)
RULECHECK AC.N.6 .......... TOTAL Result Count = 0  (0)
RULECHECK AC.N.7 .......... TOTAL Result Count = 0  (0)
RULECHECK AC.N.8 .......... TOTAL Result Count = 0  (0)
RULECHECK BJT.W.1 ......... TOTAL Result Count = 0  (0)
RULECHECK BJT.W.2 ......... TOTAL Result Count = 0  (0)
RULECHECK BJT.N.2 ......... TOTAL Result Count = 0  (0)
RULECHECK BJT.N.3 ......... TOTAL Result Count = 0  (0)
RULECHECK BJT.N.4 ......... TOTAL Result Count = 0  (0)
RULECHECK 24A ............. TOTAL Result Count = 0  (0)
RULECHECK 24C ............. TOTAL Result Count = 0  (0)
RULECHECK 24E ............. TOTAL Result Count = 0  (0)
RULECHECK 24B ............. TOTAL Result Count = 0  (0)
RULECHECK 24F ............. TOTAL Result Count = 0  (0)
RULECHECK 24G ............. TOTAL Result Count = 0  (0)
RULECHECK 24D ............. TOTAL Result Count = 0  (0)
RULECHECK P.3 ............. TOTAL Result Count = 0  (0)
RULECHECK P.4 ............. TOTAL Result Count = 0  (0)
RULECHECK P.5 ............. TOTAL Result Count = 0  (0)
RULECHECK P.6 ............. TOTAL Result Count = 0  (0)
RULECHECK LLSUP.W.1 ....... TOTAL Result Count = 0  (0)
RULECHECK LLSUP.S.1 ....... TOTAL Result Count = 0  (0)
RULECHECK LLSUP.D.1 ....... TOTAL Result Count = 0  (0)
RULECHECK LLSUP.D.2 ....... TOTAL Result Count = 0  (0)
RULECHECK LLSUP.D.3 ....... TOTAL Result Count = 0  (0)
RULECHECK LLSUP.E.1 ....... TOTAL Result Count = 0  (0)
RULECHECK LLSUP.X.2 ....... TOTAL Result Count = 0  (0)
RULECHECK LLSUP.N.1 ....... TOTAL Result Count = 0  (0)
RULECHECK LLSUP.N.2 ....... TOTAL Result Count = 0  (0)
RULECHECK LLSUP.A.1 ....... TOTAL Result Count = 0  (0)
RULECHECK CNH.W.1 ......... TOTAL Result Count = 0  (0)
RULECHECK CNH.S.1 ......... TOTAL Result Count = 0  (0)
RULECHECK CNH.W.2 ......... TOTAL Result Count = 0  (0)
RULECHECK CNH.X.1 ......... TOTAL Result Count = 0  (0)
RULECHECK CNH.D.1 ......... TOTAL Result Count = 0  (0)
RULECHECK CNH.D.2 ......... TOTAL Result Count = 0  (0)
RULECHECK CNH.X.2 ......... TOTAL Result Count = 0  (0)
RULECHECK CNH.N.1 ......... TOTAL Result Count = 0  (0)
RULECHECK CNH.N.2 ......... TOTAL Result Count = 0  (0)
RULECHECK CPH.W.1 ......... TOTAL Result Count = 0  (0)
RULECHECK CPH.S.1 ......... TOTAL Result Count = 0  (0)
RULECHECK CPH.W.2 ......... TOTAL Result Count = 0  (0)
RULECHECK CPH.X.1 ......... TOTAL Result Count = 0  (0)
RULECHECK CPH.D.1 ......... TOTAL Result Count = 0  (0)
RULECHECK CPH.D.2 ......... TOTAL Result Count = 0  (0)
RULECHECK CPH.X.2 ......... TOTAL Result Count = 0  (0)
RULECHECK CPH.N.1 ......... TOTAL Result Count = 0  (0)
RULECHECK CPH.N.2 ......... TOTAL Result Count = 0  (0)
----------------------------------------------------------------------------------
--- RULECHECK RESULTS STATISTICS (BY CELL)
---
CELL inv ............ TOTAL Result Count = 31 (31)
    RULECHECK 6B1 ... TOTAL Result Count = 3  (3)
    RULECHECK 6C .... TOTAL Result Count = 10 (10)
    RULECHECK 6Z .... TOTAL Result Count = 4  (4)
    RULECHECK 8Y .... TOTAL Result Count = 6  (6)
    RULECHECK 9D .... TOTAL Result Count = 4  (4)
    RULECHECK LU0 ... TOTAL Result Count = 4  (4)
----------------------------------------------------------------------------------
--- SUMMARY
---
TOTAL CPU Time:                  0
TOTAL REAL Time:                 0
TOTAL Original Layer Geometries: 26 (53)
TOTAL DRC RuleChecks Executed:   356
TOTAL DRC Results Generated:     31 (31)
